Program (1)
  ExtDefList (1)
    ExtDef (1)
      Specifier (1)
        TYPE: int
      FunDec (1)
        ID: main
        LP
        RP
      CompSt (1)
        LC
        DefList (2)
          Def (2)
            Specifier (2)
              TYPE: int
            DecList (2)
              Dec (2)
                VarDec (2)
                  VarDec (2)
                    ID: i
                  LB
                  INT: 5
                  RB
              COMMA
              DecList (2)
                Dec (2)
                  VarDec (2)
                    ID: t
                COMMA
                DecList (2)
                  Dec (2)
                    VarDec (2)
                      ID: k
                  COMMA
                  DecList (2)
                    Dec (2)
                      VarDec (2)
                        ID: changed
                    COMMA
                    DecList (2)
                      Dec (2)
                        VarDec (2)
                          ID: tem
            SEMI
        StmtList (3)
          Stmt (3)
            Exp (3)
              Exp (3)
                ID: t
              ASSIGNOP
              Exp (3)
                INT: 0
            SEMI
          StmtList (4)
            Stmt (4)
              WHILE
              LP
              Exp (4)
                Exp (4)
                  ID: t
                RELOP
                Exp (4)
                  INT: 5
              RP
              Stmt (4)
                CompSt (4)
                  LC
                  StmtList (5)
                    Stmt (5)
                      Exp (5)
                        Exp (5)
                          Exp (5)
                            ID: i
                          LB
                          Exp (5)
                            ID: t
                          RB
                        ASSIGNOP
                        Exp (5)
                          ID: read
                          LP
                          RP
                      SEMI
                    StmtList (6)
                      Stmt (6)
                        Exp (6)
                          Exp (6)
                            ID: t
                          ASSIGNOP
                          Exp (6)
                            Exp (6)
                              ID: t
                            PLUS
                            Exp (6)
                              INT: 1
                        SEMI
                  RC
            StmtList (8)
              Stmt (8)
                Exp (8)
                  Exp (8)
                    ID: changed
                  ASSIGNOP
                  Exp (8)
                    INT: 1
                SEMI
              StmtList (9)
                Stmt (9)
                  WHILE
                  LP
                  Exp (9)
                    Exp (9)
                      ID: changed
                    RELOP
                    Exp (9)
                      INT: 1
                  RP
                  Stmt (9)
                    CompSt (9)
                      LC
                      StmtList (10)
                        Stmt (10)
                          Exp (10)
                            Exp (10)
                              ID: changed
                            ASSIGNOP
                            Exp (10)
                              INT: 0
                          SEMI
                        StmtList (11)
                          Stmt (11)
                            Exp (11)
                              Exp (11)
                                ID: t
                              ASSIGNOP
                              Exp (11)
                                INT: 1
                            SEMI
                          StmtList (12)
                            Stmt (12)
                              WHILE
                              LP
                              Exp (12)
                                Exp (12)
                                  ID: t
                                RELOP
                                Exp (12)
                                  INT: 5
                              RP
                              Stmt (12)
                                CompSt (12)
                                  LC
                                  StmtList (13)
                                    Stmt (13)
                                      Exp (13)
                                        Exp (13)
                                          ID: k
                                        ASSIGNOP
                                        Exp (13)
                                          ID: t
                                      SEMI
                                    StmtList (14)
                                      Stmt (14)
                                        WHILE
                                        LP
                                        Exp (14)
                                          Exp (14)
                                            Exp (14)
                                              ID: k
                                            RELOP
                                            Exp (14)
                                              INT: 0
                                          AND
                                          Exp (14)
                                            Exp (14)
                                              Exp (14)
                                                ID: i
                                              LB
                                              Exp (14)
                                                ID: k
                                              RB
                                            RELOP
                                            Exp (14)
                                              Exp (14)
                                                ID: i
                                              LB
                                              Exp (14)
                                                Exp (14)
                                                  ID: k
                                                MINUS
                                                Exp (14)
                                                  INT: 1
                                              RB
                                        RP
                                        Stmt (14)
                                          CompSt (14)
                                            LC
                                            StmtList (15)
                                              Stmt (15)
                                                Exp (15)
                                                  Exp (15)
                                                    ID: tem
                                                  ASSIGNOP
                                                  Exp (15)
                                                    Exp (15)
                                                      ID: i
                                                    LB
                                                    Exp (15)
                                                      ID: k
                                                    RB
                                                SEMI
                                              StmtList (16)
                                                Stmt (16)
                                                  Exp (16)
                                                    Exp (16)
                                                      Exp (16)
                                                        ID: i
                                                      LB
                                                      Exp (16)
                                                        ID: k
                                                      RB
                                                    ASSIGNOP
                                                    Exp (16)
                                                      Exp (16)
                                                        ID: i
                                                      LB
                                                      Exp (16)
                                                        Exp (16)
                                                          ID: k
                                                        MINUS
                                                        Exp (16)
                                                          INT: 1
                                                      RB
                                                  SEMI
                                                StmtList (17)
                                                  Stmt (17)
                                                    Exp (17)
                                                      Exp (17)
                                                        Exp (17)
                                                          ID: i
                                                        LB
                                                        Exp (17)
                                                          Exp (17)
                                                            ID: k
                                                          MINUS
                                                          Exp (17)
                                                            INT: 1
                                                        RB
                                                      ASSIGNOP
                                                      Exp (17)
                                                        ID: tem
                                                    SEMI
                                                  StmtList (18)
                                                    Stmt (18)
                                                      Exp (18)
                                                        Exp (18)
                                                          ID: changed
                                                        ASSIGNOP
                                                        Exp (18)
                                                          INT: 1
                                                      SEMI
                                                    StmtList (19)
                                                      Stmt (19)
                                                        Exp (19)
                                                          Exp (19)
                                                            ID: k
                                                          ASSIGNOP
                                                          Exp (19)
                                                            Exp (19)
                                                              ID: k
                                                            MINUS
                                                            Exp (19)
                                                              INT: 1
                                                        SEMI
                                            RC
                                      StmtList (21)
                                        Stmt (21)
                                          Exp (21)
                                            Exp (21)
                                              ID: t
                                            ASSIGNOP
                                            Exp (21)
                                              Exp (21)
                                                ID: t
                                              PLUS
                                              Exp (21)
                                                INT: 1
                                          SEMI
                                  RC
                      RC
                StmtList (24)
                  Stmt (24)
                    Exp (24)
                      Exp (24)
                        ID: t
                      ASSIGNOP
                      Exp (24)
                        INT: 0
                    SEMI
                  StmtList (25)
                    Stmt (25)
                      WHILE
                      LP
                      Exp (25)
                        Exp (25)
                          ID: t
                        RELOP
                        Exp (25)
                          INT: 5
                      RP
                      Stmt (25)
                        CompSt (25)
                          LC
                          StmtList (26)
                            Stmt (26)
                              Exp (26)
                                ID: write
                                LP
                                Args (26)
                                  Exp (26)
                                    Exp (26)
                                      ID: i
                                    LB
                                    Exp (26)
                                      ID: t
                                    RB
                                RP
                              SEMI
                            StmtList (27)
                              Stmt (27)
                                Exp (27)
                                  Exp (27)
                                    ID: t
                                  ASSIGNOP
                                  Exp (27)
                                    Exp (27)
                                      ID: t
                                    PLUS
                                    Exp (27)
                                      INT: 1
                                SEMI
                          RC
                    StmtList (29)
                      Stmt (29)
                        RETURN
                        Exp (29)
                          INT: 0
                        SEMI
        RC
